// Jest Snapshot v1, https://goo.gl/fbAQLP

exports[`snapshot renders 1`] = `
Array [
  <div
    className="overlay"
  />,
  <video
    autoPlay="autoplay"
    loop="loop"
    muted="muted"
    playsInline="playsinline"
  >
    <source
      src="/videos/bgv.mp4"
      type="video/mp4"
    />
  </video>,
]
`;
